AspNetCoreRateLimit
AsyncFixer
AutoBogus.NSubstitute
BenchmarkDotNet
BinaryToText
Bogus
Castle.Core
codecracker.CSharp
CommandLineParser
CountryData.Bogus
coverlet.collector
coverlet.msbuild
Credfeto.Database.Pgsql
Credfeto.Database.Shared
Credfeto.Extensions.Configuration.Typed.Json
Credfeto.ImageLoader.Core
Credfeto.ImageLoader.Interfaces
Credfeto.ImageLoader.Photoshop
Credfeto.ImageLoader.Raw
Credfeto.ImageLoader.Standard
Cryptography.ECDSA.Secp256K1
Dapper
DisableDateTimeNow
Discord.Net
Discord.Net.Analyzers
dotnetstandard-bip39
-->ExifLib.Standard
FluentValidation.AspNetCore
FunFair.Alerts.Dispatching
FunFair.Authentication.Jwt.Wallet.Creator
FunFair.Authentication.Jwt.Wallet.Crypto
FunFair.Authentication.Jwt.Wallet.Crypto.Interfaces
FunFair.Authentication.Jwt.Wallet.DataTypes
FunFair.Client.Package
FunFair.CodeAnalysis
FunFair.Common.All
FunFair.Common.BackgroundServices
FunFair.Common.BackgroundServices.Interfaces
FunFair.Common.Controllers
FunFair.Common.Data
FunFair.Common.DataTypes
FunFair.Common.DataTypes.Validation
FunFair.Common.Environment
FunFair.Common.Extensions
FunFair.Common.Metrics
FunFair.Common.Middleware
FunFair.Common.Middleware.Model
FunFair.Common.ObjectLocking
FunFair.Common.Polly
FunFair.Common.Resilience
FunFair.Common.Server
FunFair.Common.Services
FunFair.Common.Services.Interfaces
FunFair.Common.TypeConverters.Binders
Funfair.Common.TypeConverters.Json
FunFair.Common.TypeConverters.Json
FunFair.Common.Web.Interfaces
FunFair.Content.Interfaces
FunFair.Content.Package.Management.All
FunFair.Content.Package.Management.NuGet
FunFair.Content.Package.Management.StaticFiles
FunFair.Ethereum.Abi
FunFair.Ethereum.Abi.Encoder.V1
FunFair.Ethereum.All
FunFair.Ethereum.Balance.Client
FunFair.Ethereum.Balances.Interfaces
FunFair.Ethereum.Blocks.Interfaces
FunFair.Ethereum.Calls.Interfaces
FunFair.Ethereum.Client.Interfaces
FunFair.Ethereum.Client.Status.Interfaces
FunFair.Ethereum.Contracts
FunFair.Ethereum.Contracts.Erc20
FunFair.Ethereum.Crypto
FunFair.Ethereum.Crypto.Interfaces
FunFair.Ethereum.Crypto.Managed
FunFair.Ethereum.DataTypes
FunFair.Ethereum.Gas.Client
FunFair.Ethereum.GasPrices.Interfaces
FunFair.Ethereum.MultiCall.Contracts
FunFair.Ethereum.Networks.Interfaces
FunFair.Ethereum.Proxy.Client
FunFair.Ethereum.Shared.Networks
FunFair.Ethereum.Standard
FunFair.Ethereum.TokenTransfer.Client
FunFair.Ethereum.TokenTransfer.Client.Interfaces
FunFair.Ethereum.TokenTransfers.Interfaces
FunFair.Ethereum.Transactions.Interfaces
FunFair.Ethereum.TypeConverters.Json
FunFair.Ethereum.Wallet
FunFair.Ethereum.Wallet.Interfaces
FunFair.Geo.Logic
FunFair.Random
FunFair.RateLimit
FunFair.ServerMonitoring
FunFair.ServerMonitoring.Metrics
FunFair.SignalR.Client
FunFair.SignalR.Hub
FunFair.SignalR.ServerStartUp
FunFair.Swagger.Attributes
FunFair.Swagger.Extensions
FunFair.Test.Common
FunFair.Trulioo.Client
HexMate
HtmlAgilityPack
IPAddressRange
LibGit2Sharp
LibSassHost
LibSassHost.Native.linux-x64
LibSassHost.Native.osx-x64
LibSassHost.Native.win-x64
Magick.NET-Q16-AnyCPU
MaxMind.MinFraud
MediatR
MediatR.Extensions.Microsoft.DependencyInjection
Meziantou.Analyzer
Microsoft.ApplicationInsights.AspNetCore
Microsoft.AspNetCore.Authentication.JwtBearer
Microsoft.AspNetCore.SignalR.Client
Microsoft.AspNetCore.SignalR.StackExchangeRedis
Microsoft.CodeAnalysis.CSharp
Microsoft.CodeAnalysis.CSharp.Workspaces
Microsoft.CodeAnalysis.VersionCheckAnalyzer
Microsoft.Extensions.Caching.Abstractions
Microsoft.Extensions.Caching.Memory
Microsoft.Extensions.Configuration
Microsoft.Extensions.Configuration.Abstractions
Microsoft.Extensions.Configuration.Binder
Microsoft.Extensions.Configuration.CommandLine
Microsoft.Extensions.Configuration.EnvironmentVariables
Microsoft.Extensions.Configuration.FileExtensions
Microsoft.Extensions.Configuration.Json
Microsoft.Extensions.DependencyInjection
Microsoft.Extensions.DependencyInjection.Abstractions
Microsoft.Extensions.Hosting
Microsoft.Extensions.Hosting.Abstractions
Microsoft.Extensions.Hosting.Systemd
Microsoft.Extensions.Hosting.WindowsServices
Microsoft.Extensions.Http
Microsoft.Extensions.Http.Polly
Microsoft.Extensions.Logging
Microsoft.Extensions.Logging.Abstractions
Microsoft.Extensions.Options
Microsoft.Extensions.Options.ConfigurationExtensions
Microsoft.IdentityModel.Tokens
Microsoft.IO.RecyclableMemoryStream
Microsoft.NET.Test.Sdk
Microsoft.Toolkit.HighPerformance
Microsoft.VisualStudio.Threading.Analyzers
NBitcoin
Nito.AsyncEx.Coordination
NonBlocking
Npgsql
NSubstitute
NSubstitute.Analyzers.CSharp
Ntreev.Library.Psd
NuGet.Commands
NuGet.Packaging
NuGet.Protocol
NuGet.Versioning
Nullable.Extended.Analyzer
NWebsec.AspNetCore.Middleware
Octopus.Client
Philips.CodeAnalysis.DuplicateCodeAnalyzer
Philips.CodeAnalysis.MaintainabilityAnalyzers
Polly
Portable.BouncyCastle
QRCoder
Roslynator.Analyzers
ScottPlot
Secp256k1.Native
SecurityCodeScan.VS2019
Sendgrid
Serilog
SerilogAnalyzer
Serilog.Enrichers.AssemblyName
Serilog.Enrichers.Demystifier
Serilog.Enrichers.Environment
Serilog.Enrichers.Process
Serilog.Enrichers.Sensitive
Serilog.Enrichers.Thread
Serilog.Extensions.Logging
Serilog.Sinks.Console
Serilog.Sinks.Debug
Serilog.Sinks.Loggly
Serilog.Sinks.Xunit
SixLabors.ImageSharp
SixLabors.ImageSharp.Drawing
SmartAnalyzers.CSharpExtensions.Annotations
SonarAnalyzer.CSharp
SourceLink.Create.CommandLine
StronglyTypedId
Swashbuckle.AspNetCore.SwaggerGen
Swashbuckle.AspNetCore.SwaggerUI
System.Data.SqlClient
System.IdentityModel.Tokens.Jwt
System.Interactive.Async
System.Reactive
Taglib-Sharp-NetStandard
TeamCity.VSTest.TestAdapter
ToStringWithoutOverrideAnalyzer
TwitchLib.Api
TwitchLib.Client
TwitchLib.PubSub
UAParser
xunit
xunit.analyzers
xunit.runner.visualstudio
Yoti
