git@github.com:credfeto/adblockplusrules.git
git@github.com:credfeto/markridgwellcouk.git
git@github.com:credfeto/markridgwellcom.git
git@github.com:credfeto/scripts.git
git@github.com:credfeto/LiveBandPhotosCom.git
git@github.com:credfeto/UpdatePackages.git
git@github.com:credfeto/scratch.git
git@github.com:credfeto/auto-update-config.git
git@github.com:credfeto/action-case-checker.git
git@github.com:credfeto/action-dotnet-version-detect.git
git@github.com:credfeto/action-sql-format.git
git@github.com:credfeto/cs-template.git
git@github.com:credfeto/credfeto.git
git@github.com:credfeto/action-yaml-format.git
git@github.com:credfeto/nuget-multi-push.git
git@github.com:credfeto/changelog-manager.git
git@github.com:credfeto/credfeto-notes.git
git@github.com:credfeto/credfeto-notification-bot.git
git@github.com:credfeto/action-no-ignored-files.git
git@github.com:credfeto/action-repo-visibility.git
git@github.com:credfeto/credfeto-config-backup.git
git@github.com:credfeto/credfeto-extensions-configuration-typed-json.git
git@github.com:credfeto/credfeto-enum-source-generation.git
git@github.com:credfeto/credfeto-date.git
git@github.com:credfeto/credfeto-extensions-linq.git
git@github.com:credfeto/credfeto-random.git
git@github.com:credfeto/credfeto-services-startup.git
git@github.com:credfeto/credfeto-database-source-generator.git
git@github.com:credfeto/credfeto-dotnet-repo-tools.git
git@github.com:credfeto/linux-setup.git
git@github.com:credfeto/credfeto-flatpak-filter.git
git@github.com:credfeto/package-logs.git
git@github.com:credfeto/credfeto-systemd.git
git@github.com:credfeto/credfeto-version-constants-generator.git
git@github.com:credfeto/credfeto-jellyfin.git
git@github.com:credfeto/credfeto-podfox.git
git@github.com:credfeto/credfeto-dev-package-cache.git
git@github.com:credfeto/credfeto-docker-registry.git
git@github.com:credfeto/credfeto-notification-bot-docker.git
git@github.com:credfeto/credfeto-nuget-proxy.git