git@github.com:credfeto/BuildUtilities.git
git@github.com:credfeto/Twaddle.Web.Mvc.Extensions.git
git@github.com:credfeto/urlshortener.git
git@github.com:credfeto/GallerySync.git
git@github.com:credfeto/adblockplusrules.git
git@github.com:credfeto/markridgwellcouk.git
git@github.com:credfeto/markridgwellcom.git
git@github.com:credfeto/scripts.git
git@github.com:credfeto/LiveBandPhotosCom.git
git@github.com:credfeto/PhotoMetadata.git
git@github.com:credfeto/ImageLoader.git
git@github.com:credfeto/UpdatePackages.git
git@github.com:credfeto/michelesreiki.git
git@github.com:credfeto/scratch.git
git@github.com:credfeto/UpdatePackagesAction.git
git@github.com:credfeto/action-conflict-finder.git
git@github.com:credfeto/auto-update-config.git
git@github.com:credfeto/BlinkStickDotNet.git
git@github.com:credfeto/action-case-checker.git
git@github.com:credfeto/action-dotnet-version-detect.git
git@github.com:credfeto/action-sql-format.git
git@github.com:credfeto/cs-template.git
git@github.com:credfeto/ImportXMPBackup.git
git@github.com:credfeto/ActiveXMP.git
git@github.com:credfeto/credfeto.git
git@github.com:credfeto/action-yaml-format.git
git@github.com:credfeto/nuget-multi-push.git
git@github.com:credfeto/changelog-manager.git
git@github.com:credfeto/opnsense-config.git