git@github.com:credfeto/urlshortener.git
git@github.com:credfeto/adblockplusrules.git
git@github.com:credfeto/markridgwellcouk.git
git@github.com:credfeto/markridgwellcom.git
git@github.com:credfeto/scripts.git
git@github.com:credfeto/LiveBandPhotosCom.git
git@github.com:credfeto/ImageLoader.git
git@github.com:credfeto/UpdatePackages.git
git@github.com:credfeto/scratch.git
git@github.com:credfeto/auto-update-config.git
git@github.com:credfeto/action-case-checker.git
git@github.com:credfeto/action-dotnet-version-detect.git
git@github.com:credfeto/action-sql-format.git
git@github.com:credfeto/cs-template.git
git@github.com:credfeto/credfeto.git
git@github.com:credfeto/action-yaml-format.git
git@github.com:credfeto/nuget-multi-push.git
git@github.com:credfeto/changelog-manager.git
git@github.com:credfeto/notes.git
git@github.com:credfeto/diffractor-sample.git
git@github.com:credfeto/streaming-scripts.git
git@github.com:credfeto/notification-bot.git
git@github.com:credfeto/action-no-ignored-files.git
git@github.com:credfeto/action-repo-visibility.git
git@github.com:credfeto/credfeto-config-backup.git