git@github.com:credfeto/cs-template.git
git@github.com:funfair-tech/funfair-server-repo-config.git
git@github.com:funfair-tech/BuildBot.git
git@github.com:funfair-tech/CoinBot.git
git@github.com:funfair-tech/funfair-server-code-analysis.git
git@github.com:funfair-tech/funfair-server-test.git
git@github.com:funfair-tech/funfair-build-check.git
git@github.com:funfair-tech/funfair-build-version.git
git@github.com:funfair-tech/funfair-server-swagger.git
git@github.com:funfair-tech/funfair-server-common.git
git@github.com:funfair-tech/funfair-server-geo.git
git@github.com:funfair-tech/funfair-server-random.git
git@github.com:funfair-tech/funfair-server-rate-limit.git
git@github.com:funfair-tech/funfair-server-profanity-detector.git
git@github.com:funfair-tech/funfair-server-counter-monitoring.git
git@github.com:funfair-tech/funfair-server-ethereum.git
git@github.com:funfair-tech/funfair-server-ethereum-networks.git
git@github.com:funfair-tech/funfair-server-multi-call.git
git@github.com:funfair-tech/funfair-server-content-package.git
git@github.com:funfair-tech/funfair-server-content-package-management.git
git@github.com:funfair-tech/funfair-server-content-package-builder.git
git@github.com:funfair-tech/funfair-server-metamask-jwt-authentication.git
git@github.com:funfair-tech/funfair-server-wallet-jwt-authentication.git
git@github.com:funfair-tech/funfair-server-funkey-jwt-authentication.git
git@github.com:funfair-tech/funfair-server-client-package.git
git@github.com:funfair-tech/funfair-server-signalr-hub.git
git@github.com:funfair-tech/funfair-ethereum-proxy-server.git
git@github.com:funfair-tech/funfair-ethereum-balance-server.git
git@github.com:funfair-tech/funfair-ethereum-token-transfer-history-server.git
git@github.com:funfair-tech/funfair-server-alerts.git
git@github.com:funfair-tech/funfair-trulioo-client.git
git@github.com:funfair-tech/funfair-server-ethereum-accounts.git
git@github.com:funfair-tech/funfair-server-faucet.git
git@github.com:funfair-tech/funfair-server-single-payout.git
git@github.com:funfair-tech/funfair-server-multi-payout.git
git@github.com:funfair-tech/funfair-wallet-server.git
git@github.com:funfair-tech/funfair-labs-multiplayer-server.git
git@github.com:funfair-tech/funfair-nft-metadata-server.git
git@github.com:funfair-tech/funfair-nft-mint-server.git
git@github.com:funfair-tech/funfair-labs-nft-server.git
git@github.com:funfair-tech/funfair-game-storage-server.git
git@github.com:funfair-tech/funfair-game-payments-server.git
git@github.com:funfair-tech/funfair-racers-web-game-server.git
git@github.com:funfair-tech/funfair-server-balance-bot.git
git@github.com:funfair-tech/funfair-ethereum-proxy-server-monitor.git
git@github.com:funfair-tech/funfair-ethereum-balance-server-monitor.git
git@github.com:funfair-tech/funfair-ethereum-token-transfer-history-server-monitor.git
git@github.com:funfair-tech/funfair-aws-coin-prices.git
git@github.com:funfair-tech/funfair-exchange-quote.git
git@github.com:funfair-tech/funfair-network-status.git
git@github.com:funfair-tech/funfair-aws-gas-prices.git
git@github.com:funfair-tech/funfair-simple-multicall.git
git@github.com:funfair-tech/funfair-labs-tictactoe-server.git
