git@github.com:credfeto/cs-template.git
git@github.com:funfair-tech/funfair-server-code-analysis.git
git@github.com:funfair-tech/funfair-server-test.git
git@github.com:funfair-tech/funfair-build-check.git
git@github.com:funfair-tech/funfair-build-version.git
git@github.com:funfair-tech/funfair-server-swagger.git
git@github.com:funfair-tech/funfair-server-common.git
git@github.com:funfair-tech/funfair-geo.git
git@github.com:funfair-tech/funfair-server-ethereum.git
git@github.com:funfair-tech/funfair-server-content-package.git
git@github.com:funfair-tech/funfair-server-content-package-management.git
git@github.com:funfair-tech/funfair-server-content-package-builder.git
git@github.com:funfair-tech/funfair-server-alerts.git
git@github.com:funfair-tech/funfair-server-random.git
git@github.com:funfair-tech/funfair-server-contracts.git
git@github.com:funfair-tech/funfair-casino-server.git
git@github.com:funfair-tech/funfair-wallet-server.git
git@github.com:funfair-tech/funfair-game-metadata.git
git@github.com:funfair-tech/BuildBot.git
git@github.com:funfair-tech/CoinBot.git
git@github.com:funfair-tech/funfair-trulioo-client.git
git@github.com:funfair-tech/funfair-server-monitor.git
git@github.com:funfair-tech/funfair-network-status.git
git@github.com:funfair-tech/funfair-aws-coin-prices.git
git@github.com:funfair-tech/funfair-aws-gas-prices.git
git@github.com:funfair-tech/funfair-ethereum-proxy-server.git
